使用设备：mps
EPOCHS=300 | BATCH_SIZE=64 | LR=0.0003 | scheduler=StepLR(step=75, gamma=0.7)

Epoch   1/300 | train_loss: 3838.9962 | val_loss: 487.0968 | lr: 0.000300 ← 保存
Epoch   2/300 | train_loss: 264.8718 | val_loss: 255.6610 | lr: 0.000300 ← 保存
Epoch   3/300 | train_loss: 137.4507 | val_loss: 91.0972 | lr: 0.000300 ← 保存
Epoch   4/300 | train_loss: 82.5227 | val_loss: 57.7415 | lr: 0.000300 ← 保存
Epoch   5/300 | train_loss: 72.9593 | val_loss: 60.0299 | lr: 0.000300
Epoch   6/300 | train_loss: 56.0296 | val_loss: 46.1802 | lr: 0.000300 ← 保存
Epoch   7/300 | train_loss: 50.9918 | val_loss: 59.3817 | lr: 0.000300
Epoch   8/300 | train_loss: 45.8720 | val_loss: 162.2315 | lr: 0.000300
Epoch   9/300 | train_loss: 45.2983 | val_loss: 47.5108 | lr: 0.000300
Epoch  10/300 | train_loss: 45.0534 | val_loss: 65.5253 | lr: 0.000300
Epoch  11/300 | train_loss: 41.7278 | val_loss: 55.5607 | lr: 0.000300
Epoch  12/300 | train_loss: 39.2735 | val_loss: 51.6499 | lr: 0.000300
Epoch  13/300 | train_loss: 36.8403 | val_loss: 44.3768 | lr: 0.000300 ← 保存
Epoch  14/300 | train_loss: 36.1010 | val_loss: 36.6985 | lr: 0.000300 ← 保存
Epoch  15/300 | train_loss: 35.2888 | val_loss: 44.6015 | lr: 0.000300
Epoch  16/300 | train_loss: 34.3929 | val_loss: 424.9649 | lr: 0.000300
Epoch  17/300 | train_loss: 37.9170 | val_loss: 143.4892 | lr: 0.000300
Epoch  18/300 | train_loss: 34.5730 | val_loss: 47.6168 | lr: 0.000300
Epoch  19/300 | train_loss: 33.7406 | val_loss: 740.8539 | lr: 0.000300
Epoch  20/300 | train_loss: 47.1305 | val_loss: 48.6865 | lr: 0.000300
Epoch  21/300 | train_loss: 34.6839 | val_loss: 31.6239 | lr: 0.000300 ← 保存
Epoch  22/300 | train_loss: 31.2093 | val_loss: 54.3340 | lr: 0.000300
Epoch  23/300 | train_loss: 30.0646 | val_loss: 32.3215 | lr: 0.000300
Epoch  24/300 | train_loss: 29.5729 | val_loss: 59.6846 | lr: 0.000300
Epoch  25/300 | train_loss: 29.8548 | val_loss: 376.8969 | lr: 0.000300
Epoch  26/300 | train_loss: 31.7216 | val_loss: 50.2228 | lr: 0.000300
Epoch  27/300 | train_loss: 30.5659 | val_loss: 43.8886 | lr: 0.000300
Epoch  28/300 | train_loss: 29.3600 | val_loss: 58.9407 | lr: 0.000300
Epoch  29/300 | train_loss: 29.3867 | val_loss: 148.9913 | lr: 0.000300
Epoch  30/300 | train_loss: 29.7481 | val_loss: 101.9783 | lr: 0.000300
Epoch  31/300 | train_loss: 31.5070 | val_loss: 46.1894 | lr: 0.000300
Epoch  32/300 | train_loss: 28.5754 | val_loss: 34.5915 | lr: 0.000300
Epoch  33/300 | train_loss: 28.2783 | val_loss: 60.5686 | lr: 0.000300
Epoch  34/300 | train_loss: 30.6190 | val_loss: 42.7985 | lr: 0.000300
Epoch  35/300 | train_loss: 28.3600 | val_loss: 151.7713 | lr: 0.000300
Epoch  36/300 | train_loss: 30.2030 | val_loss: 37.6047 | lr: 0.000300
Epoch  37/300 | train_loss: 28.5852 | val_loss: 145.8383 | lr: 0.000300
Epoch  38/300 | train_loss: 33.8363 | val_loss: 29.4759 | lr: 0.000300 ← 保存
Epoch  39/300 | train_loss: 28.9076 | val_loss: 66.1121 | lr: 0.000300
Epoch  40/300 | train_loss: 29.0264 | val_loss: 38.6437 | lr: 0.000300
Epoch  41/300 | train_loss: 27.4213 | val_loss: 32.5360 | lr: 0.000300
Epoch  42/300 | train_loss: 29.1984 | val_loss: 36.6272 | lr: 0.000300
Epoch  43/300 | train_loss: 27.7667 | val_loss: 87.3309 | lr: 0.000300
Epoch  44/300 | train_loss: 27.7452 | val_loss: 52.3680 | lr: 0.000300
Epoch  45/300 | train_loss: 27.3541 | val_loss: 39.3377 | lr: 0.000300
Epoch  46/300 | train_loss: 26.7210 | val_loss: 32.4899 | lr: 0.000300
Epoch  47/300 | train_loss: 25.9156 | val_loss: 33.5911 | lr: 0.000300
Epoch  48/300 | train_loss: 28.5384 | val_loss: 32.6813 | lr: 0.000300
Epoch  49/300 | train_loss: 27.3331 | val_loss: 33.3540 | lr: 0.000300
Epoch  50/300 | train_loss: 26.7261 | val_loss: 32.3658 | lr: 0.000300
Epoch  51/300 | train_loss: 26.4965 | val_loss: 29.3258 | lr: 0.000300 ← 保存
Epoch  52/300 | train_loss: 26.7227 | val_loss: 818.0520 | lr: 0.000300
Epoch  53/300 | train_loss: 30.6855 | val_loss: 68.1528 | lr: 0.000300
Epoch  54/300 | train_loss: 27.3935 | val_loss: 39.7346 | lr: 0.000300
Epoch  55/300 | train_loss: 26.4617 | val_loss: 34.7261 | lr: 0.000300
Epoch  56/300 | train_loss: 26.8261 | val_loss: 35.1320 | lr: 0.000300
Epoch  57/300 | train_loss: 27.6660 | val_loss: 29.9400 | lr: 0.000300
Epoch  58/300 | train_loss: 26.7564 | val_loss: 31.4124 | lr: 0.000300
Epoch  59/300 | train_loss: 26.8675 | val_loss: 29.9238 | lr: 0.000300
Epoch  60/300 | train_loss: 27.9616 | val_loss: 28.8475 | lr: 0.000300 ← 保存
Epoch  61/300 | train_loss: 25.7785 | val_loss: 29.5290 | lr: 0.000300
Epoch  62/300 | train_loss: 27.0284 | val_loss: 31.2820 | lr: 0.000300
Epoch  63/300 | train_loss: 25.8699 | val_loss: 48.2305 | lr: 0.000300
Epoch  64/300 | train_loss: 24.9436 | val_loss: 31.1499 | lr: 0.000300
Epoch  65/300 | train_loss: 25.8912 | val_loss: 32.3276 | lr: 0.000300
Epoch  66/300 | train_loss: 27.5232 | val_loss: 34.2532 | lr: 0.000300
Epoch  67/300 | train_loss: 26.5738 | val_loss: 81.6823 | lr: 0.000300
Epoch  68/300 | train_loss: 26.0740 | val_loss: 44.4177 | lr: 0.000300
Epoch  69/300 | train_loss: 25.5659 | val_loss: 36.2561 | lr: 0.000300
Epoch  70/300 | train_loss: 26.9060 | val_loss: 30.2465 | lr: 0.000300
Epoch  71/300 | train_loss: 25.6443 | val_loss: 38.3914 | lr: 0.000300
Epoch  72/300 | train_loss: 25.3437 | val_loss: 31.7422 | lr: 0.000300
Epoch  73/300 | train_loss: 25.2662 | val_loss: 125.1513 | lr: 0.000300
Epoch  74/300 | train_loss: 26.6737 | val_loss: 30.3726 | lr: 0.000300
Epoch  75/300 | train_loss: 26.3308 | val_loss: 30.0157 | lr: 0.000210
Epoch  76/300 | train_loss: 24.6541 | val_loss: 29.2561 | lr: 0.000210
Epoch  77/300 | train_loss: 24.5040 | val_loss: 29.8014 | lr: 0.000210
Epoch  78/300 | train_loss: 24.7491 | val_loss: 33.7515 | lr: 0.000210
Epoch  79/300 | train_loss: 24.0040 | val_loss: 30.4844 | lr: 0.000210
Epoch  80/300 | train_loss: 24.0231 | val_loss: 36.4290 | lr: 0.000210
Epoch  81/300 | train_loss: 24.4681 | val_loss: 29.7820 | lr: 0.000210
Epoch  82/300 | train_loss: 24.5364 | val_loss: 30.9078 | lr: 0.000210
Epoch  83/300 | train_loss: 24.5613 | val_loss: 55.4383 | lr: 0.000210
Epoch  84/300 | train_loss: 25.5079 | val_loss: 28.8096 | lr: 0.000210 ← 保存
Epoch  85/300 | train_loss: 24.6259 | val_loss: 55.1260 | lr: 0.000210
Epoch  86/300 | train_loss: 24.8189 | val_loss: 33.7770 | lr: 0.000210
Epoch  87/300 | train_loss: 26.3713 | val_loss: 31.8066 | lr: 0.000210
Epoch  88/300 | train_loss: 23.9382 | val_loss: 53.6076 | lr: 0.000210
Epoch  89/300 | train_loss: 24.2824 | val_loss: 31.0717 | lr: 0.000210
Epoch  90/300 | train_loss: 23.8607 | val_loss: 53.8762 | lr: 0.000210
Epoch  91/300 | train_loss: 23.9591 | val_loss: 34.7954 | lr: 0.000210
Epoch  92/300 | train_loss: 23.8568 | val_loss: 31.5858 | lr: 0.000210
Epoch  93/300 | train_loss: 24.1487 | val_loss: 58.0461 | lr: 0.000210
Epoch  94/300 | train_loss: 24.3694 | val_loss: 96.5575 | lr: 0.000210
Epoch  95/300 | train_loss: 24.4844 | val_loss: 34.6587 | lr: 0.000210
Epoch  96/300 | train_loss: 24.7132 | val_loss: 48.5810 | lr: 0.000210
Epoch  97/300 | train_loss: 24.4626 | val_loss: 38.1479 | lr: 0.000210
Epoch  98/300 | train_loss: 23.8945 | val_loss: 29.0812 | lr: 0.000210
Epoch  99/300 | train_loss: 23.7811 | val_loss: 31.0689 | lr: 0.000210
Epoch 100/300 | train_loss: 23.9435 | val_loss: 29.4650 | lr: 0.000210
Epoch 101/300 | train_loss: 24.4077 | val_loss: 40.4310 | lr: 0.000210
Epoch 102/300 | train_loss: 24.0022 | val_loss: 31.7205 | lr: 0.000210
Epoch 103/300 | train_loss: 23.4251 | val_loss: 124.7706 | lr: 0.000210
Epoch 104/300 | train_loss: 23.8878 | val_loss: 30.4686 | lr: 0.000210
Epoch 105/300 | train_loss: 23.9096 | val_loss: 38.7392 | lr: 0.000210
Epoch 106/300 | train_loss: 24.4677 | val_loss: 31.4942 | lr: 0.000210
Epoch 107/300 | train_loss: 23.3612 | val_loss: 57.3613 | lr: 0.000210
Epoch 108/300 | train_loss: 24.5025 | val_loss: 28.8959 | lr: 0.000210
Epoch 109/300 | train_loss: 23.5593 | val_loss: 30.8015 | lr: 0.000210
Epoch 110/300 | train_loss: 23.3959 | val_loss: 33.8108 | lr: 0.000210
Epoch 111/300 | train_loss: 22.8875 | val_loss: 29.2723 | lr: 0.000210
Epoch 112/300 | train_loss: 22.9727 | val_loss: 32.3838 | lr: 0.000210
Epoch 113/300 | train_loss: 23.6785 | val_loss: 36.4312 | lr: 0.000210
Epoch 114/300 | train_loss: 23.0409 | val_loss: 29.0631 | lr: 0.000210
Epoch 115/300 | train_loss: 23.0819 | val_loss: 38.0963 | lr: 0.000210
Epoch 116/300 | train_loss: 22.7743 | val_loss: 30.3507 | lr: 0.000210
Epoch 117/300 | train_loss: 23.0457 | val_loss: 34.4446 | lr: 0.000210
Epoch 118/300 | train_loss: 23.2982 | val_loss: 29.8298 | lr: 0.000210
Epoch 119/300 | train_loss: 23.1028 | val_loss: 28.4082 | lr: 0.000210 ← 保存
Epoch 120/300 | train_loss: 23.5648 | val_loss: 53.2442 | lr: 0.000210
Epoch 121/300 | train_loss: 23.4136 | val_loss: 29.4021 | lr: 0.000210
Epoch 122/300 | train_loss: 23.4861 | val_loss: 82.2206 | lr: 0.000210
Epoch 123/300 | train_loss: 22.9323 | val_loss: 30.0393 | lr: 0.000210
Epoch 124/300 | train_loss: 22.9898 | val_loss: 29.4973 | lr: 0.000210
Epoch 125/300 | train_loss: 23.6107 | val_loss: 31.2151 | lr: 0.000210
Epoch 126/300 | train_loss: 23.1624 | val_loss: 28.4419 | lr: 0.000210
Epoch 127/300 | train_loss: 22.6876 | val_loss: 31.0929 | lr: 0.000210
Epoch 128/300 | train_loss: 23.3504 | val_loss: 32.7771 | lr: 0.000210
Epoch 129/300 | train_loss: 23.2170 | val_loss: 54.7244 | lr: 0.000210
Epoch 130/300 | train_loss: 24.5162 | val_loss: 36.6818 | lr: 0.000210
Epoch 131/300 | train_loss: 23.3900 | val_loss: 32.4568 | lr: 0.000210
Epoch 132/300 | train_loss: 22.9013 | val_loss: 34.1738 | lr: 0.000210
Epoch 133/300 | train_loss: 22.8991 | val_loss: 30.9798 | lr: 0.000210
Epoch 134/300 | train_loss: 22.8388 | val_loss: 86.9692 | lr: 0.000210
Epoch 135/300 | train_loss: 22.8030 | val_loss: 33.5438 | lr: 0.000210
Epoch 136/300 | train_loss: 23.8147 | val_loss: 28.6534 | lr: 0.000210
Epoch 137/300 | train_loss: 22.6035 | val_loss: 29.1126 | lr: 0.000210
Epoch 138/300 | train_loss: 22.5149 | val_loss: 35.1752 | lr: 0.000210
Epoch 139/300 | train_loss: 22.5365 | val_loss: 33.9483 | lr: 0.000210
Epoch 140/300 | train_loss: 22.5825 | val_loss: 58.8838 | lr: 0.000210
Epoch 141/300 | train_loss: 23.4728 | val_loss: 33.1885 | lr: 0.000210
Epoch 142/300 | train_loss: 22.3183 | val_loss: 52.3303 | lr: 0.000210
Epoch 143/300 | train_loss: 22.3491 | val_loss: 28.1983 | lr: 0.000210 ← 保存
Epoch 144/300 | train_loss: 22.4917 | val_loss: 36.2168 | lr: 0.000210
Epoch 145/300 | train_loss: 21.9783 | val_loss: 28.7326 | lr: 0.000210
Epoch 146/300 | train_loss: 22.9495 | val_loss: 47.1893 | lr: 0.000210
Epoch 147/300 | train_loss: 22.7456 | val_loss: 59.3868 | lr: 0.000210
Epoch 148/300 | train_loss: 23.4767 | val_loss: 28.5201 | lr: 0.000210
Epoch 149/300 | train_loss: 22.2549 | val_loss: 33.1934 | lr: 0.000210
Epoch 150/300 | train_loss: 22.8069 | val_loss: 28.7566 | lr: 0.000147
Epoch 151/300 | train_loss: 22.1301 | val_loss: 66.7606 | lr: 0.000147
Epoch 152/300 | train_loss: 24.1584 | val_loss: 31.7694 | lr: 0.000147
Epoch 153/300 | train_loss: 22.0406 | val_loss: 40.4776 | lr: 0.000147
Epoch 154/300 | train_loss: 21.8567 | val_loss: 29.0651 | lr: 0.000147
Epoch 155/300 | train_loss: 21.8967 | val_loss: 61.5608 | lr: 0.000147
Epoch 156/300 | train_loss: 22.0437 | val_loss: 31.9368 | lr: 0.000147
Epoch 157/300 | train_loss: 22.1598 | val_loss: 57.8756 | lr: 0.000147
Epoch 158/300 | train_loss: 21.9263 | val_loss: 28.4688 | lr: 0.000147
Epoch 159/300 | train_loss: 21.6646 | val_loss: 31.3088 | lr: 0.000147
Epoch 160/300 | train_loss: 21.6307 | val_loss: 31.3572 | lr: 0.000147
Epoch 161/300 | train_loss: 21.7722 | val_loss: 34.5026 | lr: 0.000147
Epoch 162/300 | train_loss: 21.7626 | val_loss: 29.0085 | lr: 0.000147
Epoch 163/300 | train_loss: 21.7024 | val_loss: 30.4504 | lr: 0.000147
Epoch 164/300 | train_loss: 21.3942 | val_loss: 28.1564 | lr: 0.000147 ← 保存
Epoch 165/300 | train_loss: 21.7313 | val_loss: 29.8287 | lr: 0.000147
Epoch 166/300 | train_loss: 21.8958 | val_loss: 30.4777 | lr: 0.000147
Epoch 167/300 | train_loss: 21.8455 | val_loss: 28.7468 | lr: 0.000147
Epoch 168/300 | train_loss: 21.8261 | val_loss: 101.1881 | lr: 0.000147
Epoch 169/300 | train_loss: 21.9856 | val_loss: 29.0258 | lr: 0.000147
Epoch 170/300 | train_loss: 21.7627 | val_loss: 28.7998 | lr: 0.000147
Epoch 171/300 | train_loss: 21.5225 | val_loss: 44.3693 | lr: 0.000147
Epoch 172/300 | train_loss: 21.3097 | val_loss: 30.0179 | lr: 0.000147
Epoch 173/300 | train_loss: 22.0593 | val_loss: 30.0383 | lr: 0.000147
Epoch 174/300 | train_loss: 21.6106 | val_loss: 30.9802 | lr: 0.000147
Epoch 175/300 | train_loss: 21.7128 | val_loss: 32.6084 | lr: 0.000147
Epoch 176/300 | train_loss: 21.4111 | val_loss: 52.5462 | lr: 0.000147
Epoch 177/300 | train_loss: 22.7284 | val_loss: 28.4144 | lr: 0.000147
Epoch 178/300 | train_loss: 21.3913 | val_loss: 29.3097 | lr: 0.000147
Epoch 179/300 | train_loss: 21.6902 | val_loss: 30.3319 | lr: 0.000147
Epoch 180/300 | train_loss: 21.6332 | val_loss: 76.3405 | lr: 0.000147
Epoch 181/300 | train_loss: 21.8277 | val_loss: 40.5663 | lr: 0.000147
Epoch 182/300 | train_loss: 21.4802 | val_loss: 30.9095 | lr: 0.000147
Epoch 183/300 | train_loss: 21.7011 | val_loss: 28.5043 | lr: 0.000147
Epoch 184/300 | train_loss: 21.5582 | val_loss: 30.6384 | lr: 0.000147
Epoch 185/300 | train_loss: 21.8525 | val_loss: 28.1549 | lr: 0.000147 ← 保存
Epoch 186/300 | train_loss: 21.5900 | val_loss: 54.3628 | lr: 0.000147
Epoch 187/300 | train_loss: 22.2860 | val_loss: 30.4121 | lr: 0.000147
Epoch 188/300 | train_loss: 21.6560 | val_loss: 36.7537 | lr: 0.000147
Epoch 189/300 | train_loss: 21.6625 | val_loss: 30.7258 | lr: 0.000147
Epoch 190/300 | train_loss: 21.4428 | val_loss: 32.1650 | lr: 0.000147
Epoch 191/300 | train_loss: 21.4451 | val_loss: 30.1849 | lr: 0.000147
Epoch 192/300 | train_loss: 21.3163 | val_loss: 29.3167 | lr: 0.000147
Epoch 193/300 | train_loss: 21.4150 | val_loss: 37.1225 | lr: 0.000147
Epoch 194/300 | train_loss: 21.3627 | val_loss: 29.0799 | lr: 0.000147
Epoch 195/300 | train_loss: 21.3883 | val_loss: 47.7826 | lr: 0.000147
Epoch 196/300 | train_loss: 21.3669 | val_loss: 30.6288 | lr: 0.000147
Epoch 197/300 | train_loss: 21.1040 | val_loss: 28.9368 | lr: 0.000147
Epoch 198/300 | train_loss: 21.6636 | val_loss: 28.4047 | lr: 0.000147
Epoch 199/300 | train_loss: 21.1128 | val_loss: 35.7418 | lr: 0.000147
Epoch 200/300 | train_loss: 21.1412 | val_loss: 61.1114 | lr: 0.000147
Epoch 201/300 | train_loss: 21.5865 | val_loss: 40.3865 | lr: 0.000147
Epoch 202/300 | train_loss: 21.3485 | val_loss: 57.2634 | lr: 0.000147
Epoch 203/300 | train_loss: 21.3664 | val_loss: 40.7721 | lr: 0.000147
Epoch 204/300 | train_loss: 21.3907 | val_loss: 60.0509 | lr: 0.000147
Epoch 205/300 | train_loss: 21.4192 | val_loss: 91.3822 | lr: 0.000147
Epoch 206/300 | train_loss: 21.1148 | val_loss: 31.5109 | lr: 0.000147
Epoch 207/300 | train_loss: 20.8553 | val_loss: 34.8160 | lr: 0.000147
Epoch 208/300 | train_loss: 21.1719 | val_loss: 28.9502 | lr: 0.000147
Epoch 209/300 | train_loss: 21.3126 | val_loss: 28.8773 | lr: 0.000147
Epoch 210/300 | train_loss: 21.4242 | val_loss: 29.4094 | lr: 0.000147
Epoch 211/300 | train_loss: 21.0223 | val_loss: 71.2798 | lr: 0.000147
Epoch 212/300 | train_loss: 21.3108 | val_loss: 53.5738 | lr: 0.000147
Epoch 213/300 | train_loss: 21.2979 | val_loss: 62.2230 | lr: 0.000147
Epoch 214/300 | train_loss: 21.2364 | val_loss: 31.6649 | lr: 0.000147
Epoch 215/300 | train_loss: 20.9190 | val_loss: 33.4729 | lr: 0.000147
Epoch 216/300 | train_loss: 21.0755 | val_loss: 42.1942 | lr: 0.000147
Epoch 217/300 | train_loss: 20.8388 | val_loss: 74.0445 | lr: 0.000147
Epoch 218/300 | train_loss: 21.5220 | val_loss: 50.2918 | lr: 0.000147
Epoch 219/300 | train_loss: 21.3309 | val_loss: 35.7104 | lr: 0.000147
Epoch 220/300 | train_loss: 21.2450 | val_loss: 75.2785 | lr: 0.000147
Epoch 221/300 | train_loss: 21.2591 | val_loss: 28.5338 | lr: 0.000147
Epoch 222/300 | train_loss: 21.1592 | val_loss: 48.4054 | lr: 0.000147
Epoch 223/300 | train_loss: 21.0026 | val_loss: 35.7904 | lr: 0.000147
Epoch 224/300 | train_loss: 20.6781 | val_loss: 33.4707 | lr: 0.000147
Epoch 225/300 | train_loss: 20.9866 | val_loss: 29.1334 | lr: 0.000103
Epoch 226/300 | train_loss: 20.5035 | val_loss: 41.9370 | lr: 0.000103
Epoch 227/300 | train_loss: 20.3897 | val_loss: 46.2974 | lr: 0.000103
Epoch 228/300 | train_loss: 20.6747 | val_loss: 43.9197 | lr: 0.000103
Epoch 229/300 | train_loss: 21.4759 | val_loss: 28.1850 | lr: 0.000103
Epoch 230/300 | train_loss: 20.3226 | val_loss: 32.7463 | lr: 0.000103
Epoch 231/300 | train_loss: 20.8446 | val_loss: 41.4680 | lr: 0.000103
Epoch 232/300 | train_loss: 20.5017 | val_loss: 38.1787 | lr: 0.000103
Epoch 233/300 | train_loss: 20.3449 | val_loss: 29.3836 | lr: 0.000103
Epoch 234/300 | train_loss: 20.3406 | val_loss: 34.4035 | lr: 0.000103
Epoch 235/300 | train_loss: 20.6854 | val_loss: 28.0993 | lr: 0.000103 ← 保存
Epoch 236/300 | train_loss: 20.4707 | val_loss: 31.9678 | lr: 0.000103
Epoch 237/300 | train_loss: 21.3171 | val_loss: 28.8622 | lr: 0.000103
Epoch 238/300 | train_loss: 20.4406 | val_loss: 28.3862 | lr: 0.000103
Epoch 239/300 | train_loss: 20.2981 | val_loss: 32.9588 | lr: 0.000103
Epoch 240/300 | train_loss: 20.6157 | val_loss: 33.7183 | lr: 0.000103
Epoch 241/300 | train_loss: 20.5068 | val_loss: 63.6183 | lr: 0.000103
Epoch 242/300 | train_loss: 20.6099 | val_loss: 31.9988 | lr: 0.000103
Epoch 243/300 | train_loss: 20.4073 | val_loss: 42.6387 | lr: 0.000103
Epoch 244/300 | train_loss: 20.7823 | val_loss: 28.0348 | lr: 0.000103 ← 保存
Epoch 245/300 | train_loss: 20.4750 | val_loss: 45.3296 | lr: 0.000103
Epoch 246/300 | train_loss: 20.4871 | val_loss: 30.3572 | lr: 0.000103
Epoch 247/300 | train_loss: 20.4534 | val_loss: 28.7442 | lr: 0.000103
Epoch 248/300 | train_loss: 20.2747 | val_loss: 30.0785 | lr: 0.000103
Epoch 249/300 | train_loss: 20.4080 | val_loss: 30.0241 | lr: 0.000103
Epoch 250/300 | train_loss: 20.2931 | val_loss: 30.2629 | lr: 0.000103
Epoch 251/300 | train_loss: 20.3206 | val_loss: 29.8198 | lr: 0.000103
Epoch 252/300 | train_loss: 20.4060 | val_loss: 31.4621 | lr: 0.000103
Epoch 253/300 | train_loss: 20.3693 | val_loss: 29.4488 | lr: 0.000103
Epoch 254/300 | train_loss: 20.1029 | val_loss: 30.5712 | lr: 0.000103
Epoch 255/300 | train_loss: 20.2049 | val_loss: 28.5605 | lr: 0.000103
Epoch 256/300 | train_loss: 20.2203 | val_loss: 30.5183 | lr: 0.000103
Epoch 257/300 | train_loss: 20.1520 | val_loss: 29.4730 | lr: 0.000103
Epoch 258/300 | train_loss: 20.5055 | val_loss: 30.8049 | lr: 0.000103
Epoch 259/300 | train_loss: 20.3010 | val_loss: 93.3540 | lr: 0.000103
Epoch 260/300 | train_loss: 20.3733 | val_loss: 54.9358 | lr: 0.000103
Epoch 261/300 | train_loss: 20.4014 | val_loss: 43.9009 | lr: 0.000103
Epoch 262/300 | train_loss: 20.4693 | val_loss: 33.5606 | lr: 0.000103
Epoch 263/300 | train_loss: 20.2545 | val_loss: 31.9627 | lr: 0.000103
Epoch 264/300 | train_loss: 19.9942 | val_loss: 29.9887 | lr: 0.000103
Epoch 265/300 | train_loss: 20.2739 | val_loss: 67.0679 | lr: 0.000103
Epoch 266/300 | train_loss: 20.9200 | val_loss: 29.9135 | lr: 0.000103
Epoch 267/300 | train_loss: 20.4168 | val_loss: 53.7435 | lr: 0.000103
Epoch 268/300 | train_loss: 20.3774 | val_loss: 29.1020 | lr: 0.000103
Epoch 269/300 | train_loss: 20.0947 | val_loss: 28.8003 | lr: 0.000103
Epoch 270/300 | train_loss: 20.3551 | val_loss: 36.8989 | lr: 0.000103
Epoch 271/300 | train_loss: 20.0195 | val_loss: 28.7579 | lr: 0.000103
Epoch 272/300 | train_loss: 20.1826 | val_loss: 96.9459 | lr: 0.000103
Epoch 273/300 | train_loss: 20.3488 | val_loss: 29.2784 | lr: 0.000103
Epoch 274/300 | train_loss: 20.5214 | val_loss: 29.6752 | lr: 0.000103
Epoch 275/300 | train_loss: 20.1790 | val_loss: 29.0322 | lr: 0.000103
Epoch 276/300 | train_loss: 19.9843 | val_loss: 28.5519 | lr: 0.000103
Epoch 277/300 | train_loss: 20.6581 | val_loss: 31.2445 | lr: 0.000103
Epoch 278/300 | train_loss: 19.9577 | val_loss: 72.0366 | lr: 0.000103
Epoch 279/300 | train_loss: 19.8828 | val_loss: 37.0606 | lr: 0.000103
Epoch 280/300 | train_loss: 20.2106 | val_loss: 30.6833 | lr: 0.000103
Epoch 281/300 | train_loss: 19.9059 | val_loss: 30.3800 | lr: 0.000103
Epoch 282/300 | train_loss: 19.9975 | val_loss: 27.9609 | lr: 0.000103 ← 保存
Epoch 283/300 | train_loss: 19.7803 | val_loss: 28.2193 | lr: 0.000103
Epoch 284/300 | train_loss: 20.1473 | val_loss: 63.8426 | lr: 0.000103
Epoch 285/300 | train_loss: 19.8485 | val_loss: 37.9021 | lr: 0.000103
Epoch 286/300 | train_loss: 19.9977 | val_loss: 29.2701 | lr: 0.000103
Epoch 287/300 | train_loss: 19.7785 | val_loss: 29.8300 | lr: 0.000103
Epoch 288/300 | train_loss: 19.9882 | val_loss: 28.7910 | lr: 0.000103
Epoch 289/300 | train_loss: 19.9234 | val_loss: 39.3201 | lr: 0.000103
Epoch 290/300 | train_loss: 19.9326 | val_loss: 41.5760 | lr: 0.000103
Epoch 291/300 | train_loss: 20.2336 | val_loss: 29.7928 | lr: 0.000103
Epoch 292/300 | train_loss: 19.8570 | val_loss: 32.8817 | lr: 0.000103
Epoch 293/300 | train_loss: 20.8918 | val_loss: 108.4304 | lr: 0.000103
Epoch 294/300 | train_loss: 20.0753 | val_loss: 28.7289 | lr: 0.000103
Epoch 295/300 | train_loss: 19.8518 | val_loss: 28.6065 | lr: 0.000103
Epoch 296/300 | train_loss: 19.7892 | val_loss: 34.8471 | lr: 0.000103
Epoch 297/300 | train_loss: 20.0228 | val_loss: 31.5967 | lr: 0.000103
Epoch 298/300 | train_loss: 19.8448 | val_loss: 31.7849 | lr: 0.000103
Epoch 299/300 | train_loss: 19.8277 | val_loss: 29.3521 | lr: 0.000103
Epoch 300/300 | train_loss: 19.7933 | val_loss: 28.2087 | lr: 0.000072

训练完成。最优 val_loss: 27.9609
最优 RMSE: 5.2878 cm
模型保存于: /Users/lind/Desktop/ppt/GAPS_Project/Scintillator_Project/results/20260507-235131_best_model.pth
日志保存于: /Users/lind/Desktop/ppt/GAPS_Project/Scintillator_Project/logs/20260507-235131.log
